{
  parts: [
    {
      range: {
        start: 0,
        endExclusive: 6
      },
      editorRange: {
        startLineNumber: 1,
        startColumn: 1,
        endLineNumber: 1,
        endColumn: 7
      },
      agent: {
        id: "agent",
        metadata: { description: "" },
        provideSlashCommands: [Function provideSlashCommands]
      },
      kind: "agent"
    },
    {
      range: {
        start: 6,
        endExclusive: 21
      },
      editorRange: {
        startLineNumber: 1,
        startColumn: 7,
        endLineNumber: 1,
        endColumn: 22
      },
      text: "? Are you there",
      kind: "text"
    }
  ],
  text: "@agent? Are you there"
}