{
  parts: [
    {
      range: {
        start: 0,
        endExclusive: 21
      },
      editorRange: {
        startLineNumber: 1,
        startColumn: 1,
        endLineNumber: 3,
        endColumn: 7
      },
      text: "line 1\nline 2\r\nline 3",
      kind: "text"
    }
  ],
  text: "line 1\nline 2\r\nline 3"
}