{
  parts: [
    {
      range: {
        start: 0,
        endExclusive: 4
      },
      editorRange: {
        startLineNumber: 1,
        startColumn: 1,
        endLineNumber: 1,
        endColumn: 5
      },
      text: "test",
      kind: "text"
    }
  ],
  text: "test"
}