{
  requesterUsername: "",
  requesterAvatarIconUri: undefined,
  responderUsername: "",
  responderAvatarIconUri: undefined,
  welcomeMessage: undefined,
  requests: [  ],
  providerId: "testProvider"
}