[
  {
    resolvedContent: {  },
    content: "text",
    kind: "asyncContent"
  },
  {
    resolvedContent: {  },
    content: "text2",
    kind: "asyncContent"
  }
]