[
  {
    content: {
      value: "markdowntext",
      isTrusted: false,
      supportThemeIcons: false,
      supportHtml: false
    },
    kind: "markdownContent"
  }
]