hello_world_.0.snap:
  { cool: true }
hello_world_.thirdTest.snap:
  { customName: 1 }
