hello_world_.0.snap:
  { cool: true }
hello_world_.1.snap:
  { nifty: true }
hello_world_.fourthTest.snap:
  { customName: 2 }
hello_world_.thirdTest.txt:
  { customName: 1 }
